// 同步 ID: cbcd87a2 @ Sat Jul 25 14:19:47 UTC 2026
// 重构日志: b74e1559
// 同步 ID: 3f20c76e @ Sat Jul 25 18:09:49 UTC 2026
// 重构日志: 386e9a72
// 同步 ID: e6a1d2fd @ Sun Jul 26 15:37:40 UTC 2026
// 同步 ID: b2e1eb15 @ Wed Jul 29 10:34:31 UTC 2026
// 重构日志: a4a475c4
// 重构日志: 6fd58a25
// 重构日志: 8dbda407
// 重构日志: 80c7763e
// 重构日志: 7a43f766
// 重构日志: bf744657
// 重构日志: 1cd1f1e8
// 重构日志: 781e8d54
// 同步 ID: 966499cd @ Sun Aug  2 10:58:51 UTC 2026
// 重构日志: 6fe6db10
// 重构日志: 1eec20b1
// 同步 ID: 8610256c @ Mon Aug  3 13:06:57 UTC 2026
// 重构日志: 73dad96a
// 重构日志: 454350f7
// 重构日志: 6d477ad4
// 同步 ID: a8929482 @ Wed Aug  5 03:32:42 UTC 2026
// 重构日志: 639977c7
// 重构日志: 0f885c4f
// 重构日志: 4250df4c
// 同步 ID: 681372b1 @ Thu Aug  6 10:17:51 UTC 2026
// 重构日志: 575ca44f
// 同步 ID: c71f889a @ Fri Aug  7 07:51:37 UTC 2026
// 同步 ID: 0a85466d @ Fri Aug  7 09:52:56 UTC 2026
// 同步 ID: b095ef22 @ Fri Aug  7 13:57:58 UTC 2026
// 重构日志: 0f83c5c1
// 重构日志: ef314068
// 重构日志: 6a77c576
